1790342478 - update 1
1790342478 - update 2
1790342478 - update 3
1790342478 - update 4
1790342478 - update 5
1790342478 - update 6
1790342478 - update 7
1790342478 - update 8
1790342478 - update 9
1790342478 - update 10
1790342478 - update 11
1790342478 - update 12
1790342478 - update 13
1790342478 - update 14
1790342478 - update 15
1790342478 - update 16
1790342478 - update 17
1790342478 - update 18
1790370452 - update 1
1790370452 - update 2
1790370452 - update 3
1790370452 - update 4
1790370452 - update 5
1790370452 - update 6
1790370452 - update 7
1790370452 - update 8
1790370452 - update 9
1790370452 - update 10
1790370452 - update 11
1790370452 - update 12
1790370452 - update 13
1790370452 - update 14
1790450349 - update 1
1790450349 - update 2
1790450349 - update 3
1790450349 - update 4
1790450349 - update 5
1790455239 - update 1
1790455239 - update 2
1790455239 - update 3
1790455239 - update 4
1790455239 - update 5
1790455239 - update 6
1790455239 - update 7
1790455239 - update 8
1790455239 - update 9
